// Jest Snapshot v1, https://goo.gl/fbAQLP

exports[`dl-ui-password renders correctly 1`] = `
<div
  class="dl-ui-password"
>
  <div
    class="dl-ui-password--showEye dl-ui-password__container"
  >
    <div
      class="dl-ui-password__label"
    />
    <div
      class="dl-ui-password__group"
    >
      <input
        type="password"
      />
      <!-- &lt;button @click="switchHidden" type="button"&gt;
        &lt;dl-ui-icon :id="icon" class="dl-ui-icon--small dl-ui-password__iconRight" v-if="showEye"&gt;&lt;/dl-ui-icon&gt;
      &lt;/button&gt; -->
      <button
        class="dl-ui-action-button dl-ui-icon--small dl-ui-password__iconRight"
      >
        <!--v-if-->
        <div
          class="dl-ui-icon dl-ui-action-button__icon dl-ui-action-button__icon--normal"
        >
          <svg>
            <!--v-if-->
            <!--v-if-->
            <use
              xlink:href="#dl-ids-icon-eye-show-outlined"
            />
          </svg>
        </div>
        <div
          class="dl-ui-icon dl-ui-action-button__icon dl-ui-action-button__icon--filled"
        >
          <svg>
            <!--v-if-->
            <!--v-if-->
            <use
              xlink:href="#dl-ids-icon-eye-show-filled"
            />
          </svg>
        </div>
      </button>
    </div>
    <!--v-if-->
  </div>
</div>
`;
